../Core/Src/oled.c:24:9:SSD1306_Init	8	static
../Core/Src/oled.c:67:6:SSD1306_UpdateScreen	16	static
../Core/Src/oled.c:81:6:SSD1306_Fill	16	static
../Core/Src/oled.c:86:6:SSD1306_GotoXY	16	static
../Core/Src/oled.c:94:6:SSD1306_DrawPixel	24	static
../Core/Src/oled.c:106:6:SSD1306_Putc	32	static
../Core/Src/oled.c:129:6:SSD1306_Puts	24	static
../Core/Src/oled.c:148:6:SSD1306_Clear	8	static
../Core/Src/oled.c:157:6:SSD1306_WRITECOMMAND	32	static
../Core/Src/oled.c:167:6:ssd1306_I2C_WriteMulti	296	static
